==> errors-http.log <==
# pagevet 0.1.0  HTTP status errors  started 2026-08-14T11:02:30Z
# Main-document responses whose FINAL status is outside the acceptable
# band (200-399). Intermediate 3xx hops are listed, not counted as errors.

#0007  https://shop.example.com/checkout?step=2&ref=nav
       status   500 Internal Server Error  outcome=http_error
       remote   203.0.113.9  h2
       also     console_error 1 error(s)   (see errors-console.log #0007)

==> errors-console.log <==
# pagevet 0.1.0  browser console errors  started 2026-08-14T11:02:30Z
# Uncaught JS exceptions, unhandled promise rejections, console.error(), and
# browser-side JS errors (CSP refusals, parse-time SyntaxError).

#0007  https://shop.example.com/checkout?step=2&ref=nav
       status   500 Internal Server Error  outcome=console_error
       1 distinct error(s), 9 occurrence(s)
       1. [exception]      x9   TypeError: Cannot read properties of null (reading 'total')
                                at updateTotal (https://shop.example.com/static/cart.js:118:24)
       also     http_error 500   (see errors-http.log #0007)

